$ns_ at 00000.00 "$node_(10) setdest 548.000000 517.000000 50.0"
$ns_ at 00000.00 "$node_(11) setdest 548.000000 520.000000 50.0"
$ns_ at 00000.00 "$node_(12) setdest 548.000000 523.000000 50.0"
$ns_ at 00000.00 "$node_(13) setdest 548.000000 526.000000 50.0"
$ns_ at 00000.00 "$node_(14) setdest 548.000000 529.000000 50.0"
$ns_ at 00000.00 "$node_(15) setdest 548.000000 532.000000 50.0"
$ns_ at 00000.00 "$node_(16) setdest 548.000000 535.000000 50.0"
$ns_ at 00000.00 "$node_(17) setdest 548.000000 538.000000 50.0"
$ns_ at 00000.00 "$node_(18) setdest 548.000000 541.000000 50.0"
$ns_ at 00000.00 "$node_(19) setdest 552.000000 517.000000 50.0"
$ns_ at 00000.00 "$node_(1) setdest 548.000000 517.000000 50.0"
$ns_ at 00000.00 "$node_(20) setdest 548.000000 529.000000 50.0"
$ns_ at 00000.00 "$node_(21) setdest 556.000000 537.000000 50.0"
$ns_ at 00000.00 "$node_(22) setdest 548.000000 545.000000 50.0"
$ns_ at 00000.00 "$node_(23) setdest 556.000000 553.000000 50.0"
$ns_ at 00000.00 "$node_(24) setdest 552.000000 561.000000 50.0"
$ns_ at 00000.00 "$node_(25) setdest 548.000000 569.000000 50.0"
$ns_ at 00000.00 "$node_(26) setdest 556.000000 577.000000 50.0"
$ns_ at 00000.00 "$node_(27) setdest 552.000000 585.000000 50.0"
$ns_ at 00000.00 "$node_(28) setdest 246.000000 196.000000 50.0"
$ns_ at 00000.00 "$node_(2) setdest 543.000000 522.000000 50.0"
$ns_ at 00000.00 "$node_(3) setdest 538.000000 527.000000 50.0"
$ns_ at 00000.00 "$node_(4) setdest 533.000000 532.000000 50.0"
$ns_ at 00000.00 "$node_(5) setdest 553.000000 522.000000 50.0"
$ns_ at 00000.00 "$node_(6) setdest 558.000000 527.000000 50.0"
$ns_ at 00000.00 "$node_(7) setdest 563.000000 532.000000 50.0"
$ns_ at 00000.00 "$node_(8) setdest 548.000000 529.000000 50.0"
$ns_ at 00000.00 "$node_(9) setdest 568.000000 537.000000 50.0"
$ns_ at 00563.07 "$node_(10) setdest 723.000000 529.000000 50.0"
$ns_ at 00563.07 "$node_(11) setdest 723.000000 532.000000 50.0"
$ns_ at 00563.07 "$node_(12) setdest 723.000000 535.000000 50.0"
$ns_ at 00563.07 "$node_(13) setdest 723.000000 538.000000 50.0"
$ns_ at 00563.07 "$node_(14) setdest 723.000000 541.000000 50.0"
$ns_ at 00563.07 "$node_(15) setdest 723.000000 544.000000 50.0"
$ns_ at 00563.07 "$node_(16) setdest 723.000000 547.000000 50.0"
$ns_ at 00563.07 "$node_(17) setdest 723.000000 550.000000 50.0"
$ns_ at 00563.07 "$node_(18) setdest 723.000000 553.000000 50.0"
$ns_ at 00710.00 "$node_(1) setdest 327.000000 526.000000 50.0"
$ns_ at 00710.00 "$node_(2) setdest 322.000000 531.000000 50.0"
$ns_ at 00710.00 "$node_(3) setdest 317.000000 536.000000 50.0"
$ns_ at 00710.00 "$node_(4) setdest 312.000000 541.000000 50.0"
$ns_ at 00710.00 "$node_(5) setdest 332.000000 531.000000 50.0"
$ns_ at 00710.00 "$node_(6) setdest 337.000000 536.000000 50.0"
$ns_ at 00710.00 "$node_(7) setdest 342.000000 541.000000 50.0"
$ns_ at 00710.00 "$node_(8) setdest 327.000000 538.000000 50.0"
$ns_ at 00710.00 "$node_(9) setdest 347.000000 546.000000 50.0"
$ns_ at 00781.13 "$node_(19) setdest 623.000000 385.000000 50.0"
$ns_ at 00781.13 "$node_(20) setdest 619.000000 397.000000 50.0"
$ns_ at 00781.13 "$node_(21) setdest 627.000000 405.000000 50.0"
$ns_ at 00781.13 "$node_(22) setdest 619.000000 413.000000 50.0"
$ns_ at 00781.13 "$node_(23) setdest 627.000000 421.000000 50.0"
$ns_ at 00781.13 "$node_(24) setdest 623.000000 429.000000 50.0"
$ns_ at 00781.13 "$node_(25) setdest 619.000000 437.000000 50.0"
$ns_ at 00781.13 "$node_(26) setdest 627.000000 445.000000 50.0"
$ns_ at 00781.13 "$node_(27) setdest 623.000000 453.000000 50.0"
$ns_ at 01008.99 "$node_(10) setdest 700.000000 392.000000 50.0"
$ns_ at 01008.99 "$node_(11) setdest 700.000000 395.000000 50.0"
$ns_ at 01008.99 "$node_(12) setdest 700.000000 398.000000 50.0"
$ns_ at 01008.99 "$node_(13) setdest 700.000000 401.000000 50.0"
$ns_ at 01008.99 "$node_(14) setdest 700.000000 404.000000 50.0"
$ns_ at 01008.99 "$node_(15) setdest 700.000000 407.000000 50.0"
$ns_ at 01008.99 "$node_(16) setdest 700.000000 410.000000 50.0"
$ns_ at 01008.99 "$node_(17) setdest 700.000000 413.000000 50.0"
$ns_ at 01008.99 "$node_(18) setdest 700.000000 416.000000 50.0"
$ns_ at 01024.26 "$node_(19) setdest 572.000000 329.000000 50.0"
$ns_ at 01024.26 "$node_(20) setdest 568.000000 341.000000 50.0"
$ns_ at 01024.26 "$node_(21) setdest 576.000000 349.000000 50.0"
$ns_ at 01024.26 "$node_(22) setdest 568.000000 357.000000 50.0"
$ns_ at 01024.26 "$node_(23) setdest 576.000000 365.000000 50.0"
$ns_ at 01024.26 "$node_(24) setdest 572.000000 373.000000 50.0"
$ns_ at 01024.26 "$node_(25) setdest 568.000000 381.000000 50.0"
$ns_ at 01024.26 "$node_(26) setdest 576.000000 389.000000 50.0"
$ns_ at 01024.26 "$node_(27) setdest 572.000000 397.000000 50.0"
$ns_ at 01316.24 "$node_(1) setdest 405.000000 354.000000 50.0"
$ns_ at 01316.24 "$node_(2) setdest 400.000000 359.000000 50.0"
$ns_ at 01316.24 "$node_(3) setdest 395.000000 364.000000 50.0"
$ns_ at 01316.24 "$node_(4) setdest 390.000000 369.000000 50.0"
$ns_ at 01316.24 "$node_(5) setdest 410.000000 359.000000 50.0"
$ns_ at 01316.24 "$node_(6) setdest 415.000000 364.000000 50.0"
$ns_ at 01316.24 "$node_(7) setdest 420.000000 369.000000 50.0"
$ns_ at 01316.24 "$node_(8) setdest 405.000000 366.000000 50.0"
$ns_ at 01316.24 "$node_(9) setdest 425.000000 374.000000 50.0"
$ns_ at 01482.56 "$node_(19) setdest 432.000000 301.000000 50.0"
$ns_ at 01482.56 "$node_(20) setdest 428.000000 313.000000 50.0"
$ns_ at 01482.56 "$node_(21) setdest 436.000000 321.000000 50.0"
$ns_ at 01482.56 "$node_(22) setdest 428.000000 329.000000 50.0"
$ns_ at 01482.56 "$node_(23) setdest 436.000000 337.000000 50.0"
$ns_ at 01482.56 "$node_(24) setdest 432.000000 345.000000 50.0"
$ns_ at 01482.56 "$node_(25) setdest 428.000000 353.000000 50.0"
$ns_ at 01482.56 "$node_(26) setdest 436.000000 361.000000 50.0"
$ns_ at 01482.56 "$node_(27) setdest 432.000000 369.000000 50.0"
$ns_ at 01639.55 "$node_(28) setdest 284.000000 506.000000 50.0"
$ns_ at 01722.08 "$node_(10) setdest 530.000000 249.000000 50.0"
$ns_ at 01722.08 "$node_(11) setdest 530.000000 252.000000 50.0"
$ns_ at 01722.08 "$node_(12) setdest 530.000000 255.000000 50.0"
$ns_ at 01722.08 "$node_(13) setdest 530.000000 258.000000 50.0"
$ns_ at 01722.08 "$node_(14) setdest 530.000000 261.000000 50.0"
$ns_ at 01722.08 "$node_(15) setdest 530.000000 264.000000 50.0"
$ns_ at 01722.08 "$node_(16) setdest 530.000000 267.000000 50.0"
$ns_ at 01722.08 "$node_(17) setdest 530.000000 270.000000 50.0"
$ns_ at 01722.08 "$node_(18) setdest 530.000000 273.000000 50.0"
$ns_ at 01784.67 "$node_(19) setdest 407.000000 220.000000 50.0"
$ns_ at 01784.67 "$node_(20) setdest 403.000000 232.000000 50.0"
$ns_ at 01784.67 "$node_(21) setdest 411.000000 240.000000 50.0"
$ns_ at 01784.67 "$node_(22) setdest 403.000000 248.000000 50.0"
$ns_ at 01784.67 "$node_(23) setdest 411.000000 256.000000 50.0"
$ns_ at 01784.67 "$node_(24) setdest 407.000000 264.000000 50.0"
$ns_ at 01784.67 "$node_(25) setdest 403.000000 272.000000 50.0"
$ns_ at 01784.67 "$node_(26) setdest 411.000000 280.000000 50.0"
$ns_ at 01784.67 "$node_(27) setdest 407.000000 288.000000 50.0"
$ns_ at 01809.34 "$node_(1) setdest 283.000000 277.000000 50.0"
$ns_ at 01809.34 "$node_(2) setdest 278.000000 282.000000 50.0"
$ns_ at 01809.34 "$node_(3) setdest 273.000000 287.000000 50.0"
$ns_ at 01809.34 "$node_(4) setdest 268.000000 292.000000 50.0"
$ns_ at 01809.34 "$node_(5) setdest 288.000000 282.000000 50.0"
$ns_ at 01809.34 "$node_(6) setdest 293.000000 287.000000 50.0"
$ns_ at 01809.34 "$node_(7) setdest 298.000000 292.000000 50.0"
$ns_ at 01809.34 "$node_(8) setdest 283.000000 289.000000 50.0"
$ns_ at 01809.34 "$node_(9) setdest 303.000000 297.000000 50.0"
$ns_ at 02034.64 "$node_(10) setdest 442.000000 251.000000 50.0"
$ns_ at 02034.64 "$node_(11) setdest 442.000000 254.000000 50.0"
$ns_ at 02034.64 "$node_(12) setdest 442.000000 257.000000 50.0"
$ns_ at 02034.64 "$node_(13) setdest 442.000000 260.000000 50.0"
$ns_ at 02034.64 "$node_(14) setdest 442.000000 263.000000 50.0"
$ns_ at 02034.64 "$node_(15) setdest 442.000000 266.000000 50.0"
$ns_ at 02034.64 "$node_(16) setdest 442.000000 269.000000 50.0"
$ns_ at 02034.64 "$node_(17) setdest 442.000000 272.000000 50.0"
$ns_ at 02034.64 "$node_(18) setdest 442.000000 275.000000 50.0"
$ns_ at 02059.34 "$node_(1) setdest 304.000000 202.000000 50.0"
$ns_ at 02059.34 "$node_(2) setdest 299.000000 207.000000 50.0"
$ns_ at 02059.34 "$node_(3) setdest 294.000000 212.000000 50.0"
$ns_ at 02059.34 "$node_(4) setdest 289.000000 217.000000 50.0"
$ns_ at 02059.34 "$node_(5) setdest 309.000000 207.000000 50.0"
$ns_ at 02059.34 "$node_(6) setdest 314.000000 212.000000 50.0"
$ns_ at 02059.34 "$node_(7) setdest 319.000000 217.000000 50.0"
$ns_ at 02059.34 "$node_(8) setdest 304.000000 214.000000 50.0"
$ns_ at 02059.34 "$node_(9) setdest 324.000000 222.000000 50.0"
$ns_ at 02294.50 "$node_(19) setdest 250.000000 196.000000 50.0"
$ns_ at 02294.50 "$node_(20) setdest 246.000000 208.000000 50.0"
$ns_ at 02294.50 "$node_(21) setdest 254.000000 216.000000 50.0"
$ns_ at 02294.50 "$node_(22) setdest 246.000000 224.000000 50.0"
$ns_ at 02294.50 "$node_(23) setdest 254.000000 232.000000 50.0"
$ns_ at 02294.50 "$node_(24) setdest 250.000000 240.000000 50.0"
$ns_ at 02294.50 "$node_(25) setdest 246.000000 248.000000 50.0"
$ns_ at 02294.50 "$node_(26) setdest 254.000000 256.000000 50.0"
$ns_ at 02294.50 "$node_(27) setdest 250.000000 264.000000 50.0"
$ns_ at 02436.07 "$node_(19) setdest 226.000000 159.000000 50.0"
$ns_ at 02436.07 "$node_(20) setdest 222.000000 171.000000 50.0"
$ns_ at 02436.07 "$node_(21) setdest 230.000000 179.000000 50.0"
$ns_ at 02436.07 "$node_(22) setdest 222.000000 187.000000 50.0"
$ns_ at 02436.07 "$node_(23) setdest 230.000000 195.000000 50.0"
$ns_ at 02436.07 "$node_(24) setdest 226.000000 203.000000 50.0"
$ns_ at 02436.07 "$node_(25) setdest 222.000000 211.000000 50.0"
$ns_ at 02436.07 "$node_(26) setdest 230.000000 219.000000 50.0"
$ns_ at 02436.07 "$node_(27) setdest 226.000000 227.000000 50.0"
$ns_ at 02454.92 "$node_(1) setdest 195.000000 169.000000 50.0"
$ns_ at 02454.92 "$node_(2) setdest 190.000000 174.000000 50.0"
$ns_ at 02454.92 "$node_(3) setdest 185.000000 179.000000 50.0"
$ns_ at 02454.92 "$node_(4) setdest 180.000000 184.000000 50.0"
$ns_ at 02454.92 "$node_(5) setdest 200.000000 174.000000 50.0"
$ns_ at 02454.92 "$node_(6) setdest 205.000000 179.000000 50.0"
$ns_ at 02454.92 "$node_(7) setdest 210.000000 184.000000 50.0"
$ns_ at 02454.92 "$node_(8) setdest 195.000000 181.000000 50.0"
$ns_ at 02454.92 "$node_(9) setdest 215.000000 189.000000 50.0"
$ns_ at 02469.33 "$node_(10) setdest 359.000000 144.000000 50.0"
$ns_ at 02469.33 "$node_(11) setdest 359.000000 147.000000 50.0"
$ns_ at 02469.33 "$node_(12) setdest 359.000000 150.000000 50.0"
$ns_ at 02469.33 "$node_(13) setdest 359.000000 153.000000 50.0"
$ns_ at 02469.33 "$node_(14) setdest 359.000000 156.000000 50.0"
$ns_ at 02469.33 "$node_(15) setdest 359.000000 159.000000 50.0"
$ns_ at 02469.33 "$node_(16) setdest 359.000000 162.000000 50.0"
$ns_ at 02469.33 "$node_(17) setdest 359.000000 165.000000 50.0"
$ns_ at 02469.33 "$node_(18) setdest 359.000000 168.000000 50.0"
$ns_ at 02547.34 "$node_(1) setdest 222.000000 159.000000 50.0"
$ns_ at 02547.34 "$node_(2) setdest 217.000000 164.000000 50.0"
$ns_ at 02547.34 "$node_(3) setdest 212.000000 169.000000 50.0"
$ns_ at 02547.34 "$node_(4) setdest 207.000000 174.000000 50.0"
$ns_ at 02547.34 "$node_(5) setdest 227.000000 164.000000 50.0"
$ns_ at 02547.34 "$node_(6) setdest 232.000000 169.000000 50.0"
$ns_ at 02547.34 "$node_(7) setdest 237.000000 174.000000 50.0"
$ns_ at 02547.34 "$node_(8) setdest 222.000000 171.000000 50.0"
$ns_ at 02547.34 "$node_(9) setdest 242.000000 179.000000 50.0"
$ns_ at 02836.36 "$node_(10) setdest 259.000000 176.000000 50.0"
$ns_ at 02836.36 "$node_(11) setdest 259.000000 179.000000 50.0"
$ns_ at 02836.36 "$node_(12) setdest 259.000000 182.000000 50.0"
$ns_ at 02836.36 "$node_(13) setdest 259.000000 185.000000 50.0"
$ns_ at 02836.36 "$node_(14) setdest 259.000000 188.000000 50.0"
$ns_ at 02836.36 "$node_(15) setdest 259.000000 191.000000 50.0"
$ns_ at 02836.36 "$node_(16) setdest 259.000000 194.000000 50.0"
$ns_ at 02836.36 "$node_(17) setdest 259.000000 197.000000 50.0"
$ns_ at 02836.36 "$node_(18) setdest 259.000000 200.000000 50.0"
$ns_ at 02967.07 "$node_(10) setdest 222.000000 159.000000 50.0"
$ns_ at 02967.07 "$node_(11) setdest 222.000000 162.000000 50.0"
$ns_ at 02967.07 "$node_(12) setdest 222.000000 165.000000 50.0"
$ns_ at 02967.07 "$node_(13) setdest 222.000000 168.000000 50.0"
$ns_ at 02967.07 "$node_(14) setdest 222.000000 171.000000 50.0"
$ns_ at 02967.07 "$node_(15) setdest 222.000000 174.000000 50.0"
$ns_ at 02967.07 "$node_(16) setdest 222.000000 177.000000 50.0"
$ns_ at 02967.07 "$node_(17) setdest 222.000000 180.000000 50.0"
$ns_ at 02967.07 "$node_(18) setdest 222.000000 183.000000 50.0"
$ns_ at 03065.12 "$node_(28) setdest 386.000000 152.000000 50.0"
$ns_ at 03747.70 "$node_(28) setdest 370.000000 249.000000 50.0"
$ns_ at 04478.72 "$node_(28) setdest 222.000000 159.000000 50.0"
$ns_ at 04645.29 "$node_(28) setdest 246.000000 196.000000 50.0"
$ns_ at 06284.84 "$node_(28) setdest 284.000000 506.000000 50.0"
$ns_ at 07710.41 "$node_(28) setdest 386.000000 152.000000 50.0"
$ns_ at 08392.99 "$node_(28) setdest 370.000000 249.000000 50.0"
$ns_ at 09124.01 "$node_(28) setdest 222.000000 159.000000 50.0"
